// Jest Snapshot v1, https://goo.gl/fbAQLP

exports[`should render 1`] = `
<section
  className="task"
>
  <div
    className="container"
  >
    <h1
      className="title__sub"
    >
      Task 1
    </h1>
    <p
      className="task__text text"
    >
      Created at: 
      31.12.1969
    </p>
    <p
      className="task__text text"
    >
      Completed at: 
      Invalid date
    </p>
  </div>
  <div
    className="comments"
  >
    <ul
      className="list"
    >
      <h2
        className="title__sub"
      >
        Comments:
      </h2>
      <RenderComments
        task={
          Object {
            "comments": Array [],
            "completed": false,
            "completedAt": null,
            "createdAt": -86400000,
            "deadline": 172800000,
            "id": "1",
            "isPriority": false,
            "name": "Task 1",
          }
        }
      />
    </ul>
  </div>
</section>
`;
