// Jest Snapshot v1, https://goo.gl/fbAQLP

exports[`should render 1`] = `
<NavLink
  className="tasks__link tasks__link--done link"
  to="/done/undefined"
/>
`;
