// Jest Snapshot v1, https://goo.gl/fbAQLP

exports[`should render 1`] = `
<header
  className="header"
>
  <h1
    className="title"
    onClick={[Function]}
  >
       
    <NavLink
      className="link"
      to="/"
    >
      Task App
    </NavLink>
  </h1>
</header>
`;
