// Jest Snapshot v1, https://goo.gl/fbAQLP

exports[`should render 1`] = `
<div>
  <img
    src="/images/loader.gif"
  />
</div>
`;
