// Jest Snapshot v1, https://goo.gl/fbAQLP

exports[`should render 1`] = `
Array [
  <li
    className="list__item"
    key="testid"
  />,
]
`;
